producer_class	xtools.gsea.Gsea
producer_timestamp	1750388692302
param	zip_report	false
param	num	100
param	scoring_scheme	weighted
param	norm	meandiv
param	out	C:\Users\Administrator\gsea_home\output\jun20
param	mode	Max_probe
param	include_only_symbols	true
param	set_max	500
param	gmx	Z:\users\wangxiaonan\20250616_Preeclampsia_OS\06.GSEA\c5.go.v2024.1.Hs.symbols.gmt
param	plot_top_x	20
param	nperm	1000
param	order	descending
param	rnd_seed	timestamp
param	rpt_label	my_analysis
param	set_min	15
param	res	Z:\users\wangxiaonan\20250616_Preeclampsia_OS\06.GSEA\WG6v3.gct
param	create_svgs	false
param	cls	Z:\users\wangxiaonan\20250616_Preeclampsia_OS\06.GSEA\CYGB.cls#High_versus_Low
param	sort	real
param	create_gcts	false
param	help	false
param	save_rnd_lists	false
param	median	false
param	metric	Signal2Noise
param	make_sets	true
param	rnd_type	no_balance
param	gui	false
param	permute	gene_set
param	collapse	No_Collapse

file	C:\Users\Administrator\gsea_home\output\jun20\my_analysis.Gsea.1750388692302\index.html
